09-16 17:00:47.740 28261  5076 D TwaBilling.DG: Calling getDetails for credits_10, credits_20, credits_50
09-16 17:00:47.745 28261  5076 D TwaBilling.DG: Calling getDetails for credits_10, credits_20, credits_50
09-16 17:00:47.788 28261  5441 D TwaBilling.DG: Connected to Play Billing library.
09-16 17:00:48.101 28261  5444 D TwaBilling.DG: GetDetails returned: 0
09-16 17:00:48.106 28261  5443 D TwaBilling.DG: GetDetails returned: 0
09-16 17:00:55.058  7072  7072 I cr_PaymentAppFinder: App store method "https://play.google.com/billing".
09-16 17:00:55.059  7072  7072 I cr_PaymentAppFinder: "org.chromium.intent.action.PAY" intent apps: com.google.android.gms, br.com.melhorafotoai.twa, com.instagram.android, com.mercadolibre, com.mercadopago.wallet.
09-16 17:00:55.059  7072  7072 I cr_PaymentAppFinder: "org.chromium.intent.action.IS_READY_TO_PAY" intent apps: br.com.melhorafotoai.twa, com.google.android.gms, com.instagram.android, com.mercadopago.wallet, com.mercadolibre.
09-16 17:00:55.060  7072  7072 I cr_PaymentAppFinder: "org.chromium.intent.action.UPDATE_PAYMENT_DETAILS" intent apps: com.google.android.gms, com.android.chrome.
09-16 17:00:55.066  7072  7072 I cr_PaymentAppFinder: Payment app "br.com.melhorafotoai.twa": "org.chromium.intent.action.IS_READY_TO_PAY" service in "com.google.androidbrowserhelper.playbilling.provider.PaymentService".
09-16 17:00:55.084  7072  7072 I cr_PaymentAppFinder: Activity "com.google.androidbrowserhelper.playbilling.provider.PaymentActivity" in package "br.com.melhorafotoai.twa" validated for "https://play.google.com/billing".
09-16 17:00:55.084  7072  7072 I cr_PaymentAppFinder: "com.google.android.gms.wallet.ow.ChooseAccountShimActivity" meta-data "org.chromium.default_payment_method_name": "https://google.com/pay".
09-16 17:00:55.088  7072  7072 I cr_PaymentAppFinder: "com.google.android.gms.wallet.ow.ChooseAccountShimActivity" meta-data "org.chromium.payment_method_names": https://pay.sandbox.google.com/authentication, https://pay.google.com/authentication.
09-16 17:00:55.088  7072  7072 I cr_PaymentAppFinder: "com.google.androidbrowserhelper.playbilling.provider.PaymentActivity" meta-data "org.chromium.default_payment_method_name": "https://play.google.com/billing".
09-16 17:00:55.088  7072  7072 I cr_PaymentAppFinder: "com.instagram.fbpay.w3c.views.PaymentActivity" meta-data "org.chromium.default_payment_method_name": "https://www.facebook.com/pay".
09-16 17:00:55.091  7072  7072 I cr_PaymentAppFinder: "com.instagram.fbpay.w3c.views.PaymentActivity" meta-data "org.chromium.payment_method_names": https://www.facebook.com/basiccard.
09-16 17:00:55.091  7072  7072 I cr_PaymentAppFinder: "com.mercadolibre.android.onlinepayments.supertoken.core.presentation.authentication.SuperTokenAuthenticationActivity" meta-data "org.chromium.default_payment_method_name": "https://sdk.mercadopago.com/op-pay/prapi/index.html?app=ML".
09-16 17:00:55.091  7072  7072 I cr_PaymentAppFinder: "com.mercadolibre.android.onlinepayments.supertoken.core.presentation.authentication.SuperTokenAuthenticationActivity" meta-data "org.chromium.default_payment_method_name": "https://sdk.mercadopago.com/op-pay/prapi/index.html?app=MP".
09-16 17:00:55.091  7072  7072 E cr_PaymentAppFinder: No manifests to verify.
09-16 17:00:55.091  7072  7072 I cr_IsReadyToPayService: Connecting to "com.google.androidbrowserhelper.playbilling.provider.PaymentService".
09-16 17:00:55.094  7072  7072 I cr_PaymentRequestServ: Check can make payment.
09-16 17:00:55.095  7072  7072 I cr_IsReadyToPayService: Querying "com.google.androidbrowserhelper.playbilling.provider.PaymentService".
09-16 17:00:55.096  7072  7794 I cr_IsReadyToPayService: "com.google.androidbrowserhelper.playbilling.provider.PaymentService": Ready to pay.
09-16 17:00:55.097  7072  7794 I cr_IsReadyToPayService: Terminating connection to "com.google.androidbrowserhelper.playbilling.provider.PaymentService".
09-16 17:00:55.097  7072  7072 I cr_PaymentAppFinder: Android app id "br.com.melhorafotoai.twa" ready to pay: "true".
09-16 17:00:55.097  7072  7072 I cr_PaymentRequestServ: Can make payment: "true".
09-16 17:00:55.172  1808  5281 D WindowManager: Collecting in transition 632: ActivityRecord{e24061d u0 br.com.melhorafotoai.twa/com.google.androidbrowserhelper.playbilling.provider.PaymentActivity init visibleRequested:false
09-16 17:00:55.173  1064  1861 I BufferQueueDebug: [ActivityRecord{e24061d u0 br.com.melhorafotoai.twa/com.google.androidbrowserhelper.playbilling.provider.PaymentActivity t153}#8447](this:0xb400007b642fe6c0,id:-1,api:0,p:-1,c:-1) BufferQueue core=(1064:/system/bin/surfaceflinger)
09-16 17:00:55.175  1808  5281 D ActivityTaskManager: Not add starting window, the reason is: windowIsTranslucent = true  windowIsFloating = false  this = ActivityRecord{e24061d u0 br.com.melhorafotoai.twa/com.google.androidbrowserhelper.playbilling.provider.PaymentActivity t153} activityName = br.com.melhorafotoai.twa/com.google.androidbrowserhelper.playbilling.provider.PaymentActivity
09-16 17:00:55.176  1808  5281 D WindowManager: All the checks have been done, return STARTING_WINDOW_TYPE_NONE. this = ActivityRecord{e24061d u0 br.com.melhorafotoai.twa/com.google.androidbrowserhelper.playbilling.provider.PaymentActivity t153}
09-16 17:00:55.176  1808  5281 I WindowManager: Try to add startingWindow type = STARTING_WINDOW_TYPE_NONE this = ActivityRecord{e24061d u0 br.com.melhorafotoai.twa/com.google.androidbrowserhelper.playbilling.provider.PaymentActivity t153} preAllowTaskSnapshot = true afterAllowTaskSnapshot = true newTask = false taskSwitch = false processRunning = true activityCreated = false activityAllDrawn = false isSnapshotCompatible = false resolvedTheme = 0 theme = 16973840
09-16 17:00:55.178  1808  5281 D WindowManager: Collecting in transition 632: ActivityRecord{e24061d u0 br.com.melhorafotoai.twa/com.google.androidbrowserhelper.playbilling.provider.PaymentActivity t153} init visibleRequested:false
09-16 17:00:55.179  1808  5281 I ActivityTaskManager: START u0 {act=org.chromium.intent.action.PAY cmp=br.com.melhorafotoai.twa/com.google.androidbrowserhelper.playbilling.provider.PaymentActivity (has extras)} with LAUNCH_MULTIPLE from uid 10172 from pid 7072 callingPackage com.android.chrome (BAL_ALLOW_VISIBLE_WINDOW) result code=0
09-16 17:00:55.182  2628  2725 I SoScStageCoordinator: Transition requested:TransitionRequestInfo { type = OPEN, triggerTask = TaskInfo{userId=0 taskId=153 displayId=0 isRunning=true baseIntent=Intent { act=android.intent.action.MAIN cat=[android.intent.category.LAUNCHER] flg=0x10200000 cmp=br.com.melhorafotoai.twa/.LauncherActivity } baseActivity=ComponentInfo{br.com.melhorafotoai.twa/br.com.melhorafotoai.twa.LauncherActivity} topActivity=ComponentInfo{br.com.melhorafotoai.twa/com.google.androidbrowserhelper.playbilling.provider.PaymentActivity} origActivity=null realActivity=ComponentInfo{br.com.melhorafotoai.twa/br.com.melhorafotoai.twa.LauncherActivity} numActivities=3 lastActiveTime=23591856 supportsSplitScreenMultiWindow=true supportsMultiWindow=true resizeMode=1 isResizeable=true minWidth=-1 minHeight=-1 defaultMinSize=200 token=WCT{android.window.IWindowContainerToken$Stub$Proxy@2824ddc} topActivityType=1 pictureInPictureParams=null shouldDockBigOverlays=false launchIntoPipHostTaskId=-1 lastParentTaskIdBeforePip=-1 displayCutoutSafeInsets=null topActivityInfo=ActivityInfo{95c5ee5 com.google.androidbrowserhelper.playbilling.provider.PaymentActivity} launchCookies=[] positionInParent=Point(0, 0) parentTaskId=-1 isFocused=true isVisible=true isVisibleRequested=true isSleeping=false locusId=null displayAreaFeatureId=1 isTopActivityTransparent=true appCompatTaskInfo=AppCompatTaskInfo { topActivityInSizeCompat=false topActivityEligibleForLetterboxEducation= falseisLetterboxEducationEnabled= false isLetterboxDoubleTapEnabled= false topActivityEligibleForUserAspectRatioButton= false topActivityBoundsLetterboxed= false isFromLetterboxDoubleTap= false topActivityLetterboxVerticalPosition= -1 topActivityLetterboxHorizontalPosition= -1 topActivityLetterboxWidth=1220 topActivityLetterboxHeight=2712 isUserFullscreenOverrideEnabled=false isSystemFullscreenOverrideEnabled=false cameraCompatTaskInfo=CameraCompatTaskInfo { cameraCompatControlState=hidden freeformCameraCompatMode=inactive}} isImmersive=false mTopActivityRequestOrientation=1 mBehindAppLockPkg=null mOriginatingUid=0 isEmbedded=false shouldBeVisible=true mIsCastMode=false mTopActivityMediaSize=null mTopActivityRecordName=ActivityRecord{e24061d u0 br.com.melhorafotoai.twa/com.google.androidbrowserhelper.playbilling.provider.PaymentActivity t153} mTopActivityOrientation=-2}, pipTask = null, remoteTransition = null, displayChange = null, flags = 0, debugId = 632 } isSoScActive:false triggerTask:TaskInfo{userId=0 taskId=153 displayId=0 isRunning=true baseIntent=Intent { act=android.intent.action.MAIN cat=[android.intent.category.LAUNCHER] flg=0x10200000 cmp=br.com.melhorafotoai.twa/.LauncherActivity } baseActivity=ComponentInfo{br.com.melhorafotoai.twa/br.com.melhorafotoai.twa.LauncherActivity} topActivity=ComponentInfo{br.com.melhorafotoai.twa/com.google.androidbrowserhelper.playbilling.provider.PaymentActivity} origActivity=null realActivity=ComponentInfo{br.com.melhorafotoai.twa/br.com.melhorafotoai.twa.LauncherActivity} numActivities=3 lastActiveTime=23591856 supportsSplitScreenMultiWindow=true supportsMultiWindow=true resizeMode=1 isResizeable=true minWidth=-1 minHeight=-1 defaultMinSize=200 token=WCT{android.window.IWindowContainerToken$Stub$Proxy@2824ddc} topActivityType=1 pictureInPictureParams=null shouldDockBigOverlays=false launchIntoPipHostTaskId=-1 lastParentTaskIdBeforePip=-1 displayCutoutSafeInsets=null topActivityInfo=ActivityInfo{95c5ee5 com.google.androidbrowserhelper.playbilling.provider.PaymentActivity} launchCookies=[] positionInParent=Point(0, 0) parentTaskId=-1 isFocused=true isVisible=true isVisibleRequested=true isSleeping=false locusId=null displayAreaFeatureId=1 isTopActivityTransparent=true appCompatTaskInfo=AppCompatTaskInfo { topActivityInSizeCompat=false topActivityEligibleForLetterboxEducation= falseisLetterboxEducationEnabled= false isLetterboxDoubleTapEnabled= false topActivityEligibleForUserAspectRatioButton= false topActivityBoundsLetterboxed= false isFromLetterboxDoubleTap= false topActivityLetterboxVerticalPosition= -1 topActivityLetterbo
09-16 17:00:55.206  1808  4861 D WindowManager: Collecting in transition 632: ActivityRecord{e24061d u0 br.com.melhorafotoai.twa/com.google.androidbrowserhelper.playbilling.provider.PaymentActivity t153} init visibleRequested:false
09-16 17:00:55.207  1808  4861 D WindowManager: Collecting in transition 632: ActivityRecord{e24061d u0 br.com.melhorafotoai.twa/com.google.androidbrowserhelper.playbilling.provider.PaymentActivity t153} init visibleRequested:true
09-16 17:00:55.208  1808  4861 I PowerHalWrapper: amsBoostNotify pid:28261,activity:com.google.androidbrowserhelper.playbilling.provider.PaymentActivity, package:br.com.melhorafotoai.twa, mProcessCreatePackbr.com.melhorafotoai.twa 
09-16 17:00:55.209  1808  4861 I mtkpower_client: [PowerHal_Wrap_notifyAppState] br.com.melhorafotoai.twa/com.google.androidbrowserhelper.playbilling.provider.PaymentActivity pid=28261 activityId:237241885 state:1
09-16 17:00:55.209   993   993 I vendor.mediatek.hardware.mtkpower_applist-service.mediatek: packName: br.com.melhorafotoai.twa actName: com.google.androidbrowserhelper.playbilling.provider.PaymentActivity pid: 28261 uid: 10307 state: 1
09-16 17:00:55.209   993   993 I MTK_APPList: [notifyAPPstate] br.com.melhorafotoai.twa/com.google.androidbrowserhelper.playbilling.provider.PaymentActivity, pid=28261, uid=10307, state:RESUMED, fps:-1, win:0
09-16 17:00:55.209   993   993 I MTK_APPList: [notifyAPPstate] multi_resumed_app_info[0] br.com.melhorafotoai.twa/com.google.androidbrowserhelper.playbilling.provider.PaymentActivity, pid:28261, fps:-1, isMultiWindow:0
09-16 17:00:55.211  1808  4861 I BLASTSyncEngine: SyncGroup 632:  Unfinished container:ActivityRecord{e24061d u0 br.com.melhorafotoai.twa/com.google.androidbrowserhelper.playbilling.provider.PaymentActivity t153}
09-16 17:00:55.211  1808  4861 I BLASTSyncEngine: isActivitySyncFinished isSyncFinished false ActivityRecord{e24061d u0 br.com.melhorafotoai.twa/com.google.androidbrowserhelper.playbilling.provider.PaymentActivity t153}
09-16 17:00:55.223  1808  1888 I BLASTSyncEngine: SyncGroup 632:  Unfinished container:ActivityRecord{e24061d u0 br.com.melhorafotoai.twa/com.google.androidbrowserhelper.playbilling.provider.PaymentActivity t153}
09-16 17:00:55.223  1808  1888 I BLASTSyncEngine: isActivitySyncFinished isSyncFinished false ActivityRecord{e24061d u0 br.com.melhorafotoai.twa/com.google.androidbrowserhelper.playbilling.provider.PaymentActivity t153}
09-16 17:00:55.230 28261 28261 D VRI[PaymentActivity]: hardware acceleration = true, forceHwAccelerated = false
09-16 17:00:55.232  1064  1285 I BufferQueueDebug: [b0f6445 br.com.melhorafotoai.twa/com.google.androidbrowserhelper.playbilling.provider.PaymentActivity#8450](this:0xb400007b642e2a40,id:-1,api:0,p:-1,c:-1) BufferQueue core=(1064:/system/bin/surfaceflinger)
09-16 17:00:55.234  2387  2387 D RecentsImpl: mActivityStateObserver com.google.androidbrowserhelper.playbilling.provider.PaymentActivity
09-16 17:00:55.234  2387  2387 W RecentsImpl: updateStubViewVisibility, className=com.google.androidbrowserhelper.playbilling.provider.PaymentActivity
09-16 17:00:55.237 28261 28261 D DecorViewImmersiveImpl: onAttachedToWindow:br.com.melhorafotoai.twa/com.google.androidbrowserhelper.playbilling.provider.PaymentActivity
09-16 17:00:55.238  1808  4861 D CoreBackPreview: Window{b0f6445 u0 br.com.melhorafotoai.twa/com.google.androidbrowserhelper.playbilling.provider.PaymentActivity}: Setting back callback OnBackInvokedCallbackInfo{mCallback=android.window.IOnBackInvokedCallback$Stub$Proxy@4c6ffc1, mPriority=0, mIsAnimationCallback=false}
09-16 17:00:55.238  1064  1285 I BufferQueueDebug: [br.com.melhorafotoai.twa/com.google.androidbrowserhelper.playbilling.provider.PaymentActivity#8451](this:0xb400007b6436d8c0,id:-1,api:0,p:-1,c:-1) BufferQueue core=(1064:/system/bin/surfaceflinger)
09-16 17:00:55.240  1808  4889 I BLASTSyncEngine: SyncGroup 632:  Unfinished container:ActivityRecord{e24061d u0 br.com.melhorafotoai.twa/com.google.androidbrowserhelper.playbilling.provider.PaymentActivity t153}
09-16 17:00:55.240  1808  4889 I BLASTSyncEngine: isActivitySyncFinished isSyncFinished false ActivityRecord{e24061d u0 br.com.melhorafotoai.twa/com.google.androidbrowserhelper.playbilling.provider.PaymentActivity t153}
09-16 17:00:55.240  1808  4889 W WindowManager: Changing focus from null to Window{b0f6445 u0 br.com.melhorafotoai.twa/com.google.androidbrowserhelper.playbilling.provider.PaymentActivity} displayId=0 Callers=com.android.server.wm.RootWindowContainer.updateFocusedWindowLocked:602 com.android.server.wm.WindowManagerService.updateFocusedWindowLocked:7168 com.android.server.wm.WindowManagerService.relayoutWindowInner:3076 com.android.server.wm.WindowManagerService.relayoutWindow:2724 
09-16 17:00:55.242  1808  4889 D WindowManager: wms.Input focus has changed to Window{b0f6445 u0 br.com.melhorafotoai.twa/com.google.androidbrowserhelper.playbilling.provider.PaymentActivity} display=0 updateInputWindows = true
09-16 17:00:55.242  1808  4889 I WindowManager: Relayout Window{b0f6445 u0 br.com.melhorafotoai.twa/com.google.androidbrowserhelper.playbilling.provider.PaymentActivity}: oldVis=4 newVis=0 focusMayChange = true requestedWidth = 1220 requestedHeight = 2712 outFrames = ClientWindowFrames{frame=[0,0][1220,2712] display=[0,0][1220,2712] parentFrame=[0,0][0,0]} outSurfaceControl = Surface(name=br.com.melhorafotoai.twa/com.google.androidbrowserhelper.playbilling.provider.PaymentActivity#8451)/@0xcc5b754
09-16 17:00:55.243 28261 28261 D BLASTBufferQueue: [VRI[PaymentActivity]#1](f:0,a:0) constructor()
09-16 17:00:55.243 28261 28261 D BLASTBufferQueue: [VRI[PaymentActivity]#1](f:0,a:0) update width=1220 height=2712 format=-2 mTransformHint=0
09-16 17:00:55.244 28261 28261 D VRI[PaymentActivity]: vri.reportNextDraw android.view.ViewRootImpl.performTraversals:4984 android.view.ViewRootImpl.doTraversal:3564 android.view.ViewRootImpl$TraversalRunnable.run:11781 android.view.Choreographer$CallbackRecord.run:1809 android.view.Choreographer$CallbackRecord.run:1818 
09-16 17:00:55.244 28261 28261 D VRI[PaymentActivity]: Setup new sync=wmsSync-VRI[PaymentActivity]#2
09-16 17:00:55.249 28261  5099 D BLASTBufferQueue: [VRI[PaymentActivity]#1](f:0,a:1) acquireNextBufferLocked size=1220x2712 mFrameNumber=1 applyTransaction=true mTimestamp=18978516179130(auto) mPendingTransactions.size=0 graphicBufferId=121380070752260 transform=0
09-16 17:00:55.249 28261 28261 D VRI[PaymentActivity]: vri.reportDrawFinished
09-16 17:00:55.249  1808  1888 D SurfaceComposerClient: Transaction::apply InputWindowCommands.focusRequests timestamp=18978512455438, windowName=b0f6445 br.com.melhorafotoai.twa/com.google.androidbrowserhelper.playbilling.provider.PaymentActivity
09-16 17:00:55.252  1808  4889 D WindowManager: wms.finishDrawingLocked: mDrawState=COMMIT_DRAW_PENDING Window{b0f6445 u0 br.com.melhorafotoai.twa/com.google.androidbrowserhelper.playbilling.provider.PaymentActivity} in Surface(name=br.com.melhorafotoai.twa/com.google.androidbrowserhelper.playbilling.provider.PaymentActivity#8451)/@0x97716a7
09-16 17:00:55.253  1808  1888 I WindowManager: wms.showSurfaceRobustly mWin:Window{b0f6445 u0 br.com.melhorafotoai.twa/com.google.androidbrowserhelper.playbilling.provider.PaymentActivity}
09-16 17:00:55.254  1808  1888 D WindowManager: Final targets: [ActivityRecord{e24061d u0 br.com.melhorafotoai.twa/com.google.androidbrowserhelper.playbilling.provider.PaymentActivity t153}]
09-16 17:00:55.254  1064  1861 I BufferQueueDebug: [Transition Root #632: ActivityRecord{e24061d u0 br.com.melhorafotoai.twa/com.google.androidbrowserhelper.playbilling.provider.PaymentActivity t153}#8454](this:0xb400007b642d8390,id:-1,api:0,p:-1,c:-1) BufferQueue core=(1064:/system/bin/surfaceflinger)
09-16 17:00:55.255  1064  1064 D SurfaceFlinger: Focus addInputWindowCommands timestamp=18978512455438, windowName=b0f6445 br.com.melhorafotoai.twa/com.google.androidbrowserhelper.playbilling.provider.PaymentActivity
09-16 17:00:55.257  1064  1716 D SurfaceFlinger: updateWinowInfo=1, setFocusedWindow timestamp=18978512455438, windowName=b0f6445 br.com.melhorafotoai.twa/com.google.androidbrowserhelper.playbilling.provider.PaymentActivity
09-16 17:00:55.271  2628  2725 D MiuiFreeformModeAnimation: startAnimation change: {null m=OPEN f=TRANSLUCENT|FILLS_TASK leash=Surface(name=ActivityRecord{e24061d u0 br.com.melhorafotoai.twa/com.google.androidbrowserhelper.playbilling.provider.PaymentActivity t153}#8447)/@0xb5c5dba sb=Rect(0, 0 - 0, 0) eb=Rect(0, 0 - 1220, 2712) d=-1->0 r=-1->0:-1 windowMode=0->1 bc=ff000000 component=br.com.melhorafotoai.twa/com.google.androidbrowserhelper.playbilling.provider.PaymentActivity} info.getType(): 1
09-16 17:00:55.275  1808  1864 I ActivityTaskManager: Displayed br.com.melhorafotoai.twa/com.google.androidbrowserhelper.playbilling.provider.PaymentActivity for user 0: +85ms
09-16 17:00:55.276  1064  1731 I BufferQueueDebug: [85a8c7 ActivityRecordInputSink br.com.melhorafotoai.twa/com.google.androidbrowserhelper.playbilling.provider.PaymentActivity#8455](this:0xb400007b643249f0,id:-1,api:0,p:-1,c:-1) BufferQueue core=(1064:/system/bin/surfaceflinger)
09-16 17:00:55.281  1064  1861 I SurfaceFlinger: onHandleDestroyed: name=Transition Root #632: ActivityRecord{e24061d u0 br.com.melhorafotoai.twa/com.google.androidbrowserhelper.playbilling.provider.PaymentActivity t153}#8454, layerId=8454, parentId=0
09-16 17:00:55.288  1808  5271 D WindowManager: Collecting in transition 633: ActivityRecord{6286925 u0 br.com.melhorafotoai.twa/com.android.billingclient.api.ProxyBillingActivity init visibleRequested:false
09-16 17:00:55.288  1808  5271 D MiuiFreeformServiceImpl: addLaunchFreeformActivityOptionIfNeed skip due to not find sourceTask: null sourceFfas: null sourceFreeFormActivity: ActivityRecord{e24061d u0 br.com.melhorafotoai.twa/com.google.androidbrowserhelper.playbilling.provider.PaymentActivity t153}
09-16 17:00:55.289  1064  1861 I BufferQueueDebug: [ActivityRecord{6286925 u0 br.com.melhorafotoai.twa/com.android.billingclient.api.ProxyBillingActivity t153}#8456](this:0xb400007b64301e50,id:-1,api:0,p:-1,c:-1) BufferQueue core=(1064:/system/bin/surfaceflinger)
09-16 17:00:55.289  1064  1064 I BufferQueueDebug: [Transition Root #632: ActivityRecord{e24061d u0 br.com.melhorafotoai.twa/com.google.androidbrowserhelper.playbilling.provider.PaymentActivity t153}#8454](this:0xb400007b642d8390,id:-1,api:0,p:-1,c:1064) onDestructor()
09-16 17:00:55.291  1808  5271 D ActivityTaskManager: Not add starting window, the reason is: windowIsTranslucent = true  windowIsFloating = false  this = ActivityRecord{6286925 u0 br.com.melhorafotoai.twa/com.android.billingclient.api.ProxyBillingActivity t153} activityName = br.com.melhorafotoai.twa/com.android.billingclient.api.ProxyBillingActivity
09-16 17:00:55.292  1808  5271 D WindowManager: All the checks have been done, return STARTING_WINDOW_TYPE_NONE. this = ActivityRecord{6286925 u0 br.com.melhorafotoai.twa/com.android.billingclient.api.ProxyBillingActivity t153}
09-16 17:00:55.292  1808  5271 I WindowManager: Try to add startingWindow type = STARTING_WINDOW_TYPE_NONE this = ActivityRecord{6286925 u0 br.com.melhorafotoai.twa/com.android.billingclient.api.ProxyBillingActivity t153} preAllowTaskSnapshot = true afterAllowTaskSnapshot = true newTask = false taskSwitch = false processRunning = true activityCreated = false activityAllDrawn = false isSnapshotCompatible = false resolvedTheme = 0 theme = 16973840
09-16 17:00:55.292  1808  5271 I PowerHalWrapper: amsBoostNotify pid:28261,activity:com.google.androidbrowserhelper.playbilling.provider.PaymentActivity, package:br.com.melhorafotoai.twa, mProcessCreatePackbr.com.melhorafotoai.twa 
09-16 17:00:55.293  1808  5271 I mtkpower_client: [PowerHal_Wrap_notifyAppState] br.com.melhorafotoai.twa/com.google.androidbrowserhelper.playbilling.provider.PaymentActivity pid=28261 activityId:237241885 state:0
09-16 17:00:55.293   993   993 I MTK_APPList: [getForegroundAPPInfo]  br.com.melhorafotoai.twa/com.google.androidbrowserhelper.playbilling.provider.PaymentActivity (pid=28261)
09-16 17:00:55.293   993   993 I vendor.mediatek.hardware.mtkpower_applist-service.mediatek: MIUI ADDpackName: br.com.melhorafotoai.twa actName: com.google.androidbrowserhelper.playbilling.provider.PaymentActivity
09-16 17:00:55.293   993   993 I vendor.mediatek.hardware.mtkpower_applist-service.mediatek: packName: br.com.melhorafotoai.twa actName: com.google.androidbrowserhelper.playbilling.provider.PaymentActivity pid: 28261 uid: 10307 state: 0
09-16 17:00:55.293   993   993 I MTK_APPList: [notifyAPPstate] br.com.melhorafotoai.twa/com.google.androidbrowserhelper.playbilling.provider.PaymentActivity, pid=28261, uid=10307, state:PAUSED, fps:-1, win:0
09-16 17:00:55.294  1808  5271 D WindowManager: Collecting in transition 633: ActivityRecord{6286925 u0 br.com.melhorafotoai.twa/com.android.billingclient.api.ProxyBillingActivity t153} init visibleRequested:false
09-16 17:00:55.294  1808  5271 I ActivityTaskManager: START u0 {cmp=br.com.melhorafotoai.twa/com.android.billingclient.api.ProxyBillingActivity (has extras)} with LAUNCH_MULTIPLE from uid 10307 from pid 28261 callingPackage br.com.melhorafotoai.twa (BAL_ALLOW_VISIBLE_WINDOW) result code=0
09-16 17:00:55.295 28261  5479 D TwaBilling.P: Payment flow launch: 0
09-16 17:00:55.295  2628  2725 I SoScStageCoordinator: Transition requested:TransitionRequestInfo { type = OPEN, triggerTask = TaskInfo{userId=0 taskId=153 displayId=0 isRunning=true baseIntent=Intent { act=android.intent.action.MAIN cat=[android.intent.category.LAUNCHER] flg=0x10200000 cmp=br.com.melhorafotoai.twa/.LauncherActivity } baseActivity=ComponentInfo{br.com.melhorafotoai.twa/br.com.melhorafotoai.twa.LauncherActivity} topActivity=ComponentInfo{br.com.melhorafotoai.twa/com.android.billingclient.api.ProxyBillingActivity} origActivity=null realActivity=ComponentInfo{br.com.melhorafotoai.twa/br.com.melhorafotoai.twa.LauncherActivity} numActivities=4 lastActiveTime=23591972 supportsSplitScreenMultiWindow=true supportsMultiWindow=true resizeMode=1 isResizeable=true minWidth=-1 minHeight=-1 defaultMinSize=200 token=WCT{android.window.IWindowContainerToken$Stub$Proxy@93cea12} topActivityType=1 pictureInPictureParams=null shouldDockBigOverlays=false launchIntoPipHostTaskId=-1 lastParentTaskIdBeforePip=-1 displayCutoutSafeInsets=null topActivityInfo=ActivityInfo{a2d55e3 com.android.billingclient.api.ProxyBillingActivity} launchCookies=[] positionInParent=Point(0, 0) parentTaskId=-1 isFocused=true isVisible=true isVisibleRequested=true isSleeping=false locusId=null displayAreaFeatureId=1 isTopActivityTransparent=true appCompatTaskInfo=AppCompatTaskInfo { topActivityInSizeCompat=false topActivityEligibleForLetterboxEducation= falseisLetterboxEducationEnabled= false isLetterboxDoubleTapEnabled= false topActivityEligibleForUserAspectRatioButton= false topActivityBoundsLetterboxed= false isFromLetterboxDoubleTap= false topActivityLetterboxVerticalPosition= -1 topActivityLetterboxHorizontalPosition= -1 topActivityLetterboxWidth=1220 topActivityLetterboxHeight=2712 isUserFullscreenOverrideEnabled=false isSystemFullscreenOverrideEnabled=false cameraCompatTaskInfo=CameraCompatTaskInfo { cameraCompatControlState=hidden freeformCameraCompatMode=inactive}} isImmersive=false mTopActivityRequestOrientation=1 mBehindAppLockPkg=null mOriginatingUid=0 isEmbedded=false shouldBeVisible=true mIsCastMode=false mTopActivityMediaSize=null mTopActivityRecordName=ActivityRecord{6286925 u0 br.com.melhorafotoai.twa/com.android.billingclient.api.ProxyBillingActivity t153} mTopActivityOrientation=-2}, pipTask = null, remoteTransition = null, displayChange = null, flags = 0, debugId = 633 } isSoScActive:false triggerTask:TaskInfo{userId=0 taskId=153 displayId=0 isRunning=true baseIntent=Intent { act=android.intent.action.MAIN cat=[android.intent.category.LAUNCHER] flg=0x10200000 cmp=br.com.melhorafotoai.twa/.LauncherActivity } baseActivity=ComponentInfo{br.com.melhorafotoai.twa/br.com.melhorafotoai.twa.LauncherActivity} topActivity=ComponentInfo{br.com.melhorafotoai.twa/com.android.billingclient.api.ProxyBillingActivity} origActivity=null realActivity=ComponentInfo{br.com.melhorafotoai.twa/br.com.melhorafotoai.twa.LauncherActivity} numActivities=4 lastActiveTime=23591972 supportsSplitScreenMultiWindow=true supportsMultiWindow=true resizeMode=1 isResizeable=true minWidth=-1 minHeight=-1 defaultMinSize=200 token=WCT{android.window.IWindowContainerToken$Stub$Proxy@93cea12} topActivityType=1 pictureInPictureParams=null shouldDockBigOverlays=false launchIntoPipHostTaskId=-1 lastParentTaskIdBeforePip=-1 displayCutoutSafeInsets=null topActivityInfo=ActivityInfo{a2d55e3 com.android.billingclient.api.ProxyBillingActivity} launchCookies=[] positionInParent=Point(0, 0) parentTaskId=-1 isFocused=true isVisible=true isVisibleRequested=true isSleeping=false locusId=null displayAreaFeatureId=1 isTopActivityTransparent=true appCompatTaskInfo=AppCompatTaskInfo { topActivityInSizeCompat=false topActivityEligibleForLetterboxEducation= falseisLetterboxEducationEnabled= false isLetterboxDoubleTapEnabled= false topActivityEligibleForUserAspectRatioButton= false topActivityBoundsLetterboxed= false isFromLetterboxDoubleTap= false topActivityLetterboxVerticalPosition= -1 topActivityLetterboxHorizontalPosition= -1 topActivityLetterboxWidth=1220 topActivityLetterboxHeight=2712 isU
09-16 17:00:55.297  1808  3377 D WindowManager: Collecting in transition 633: ActivityRecord{6286925 u0 br.com.melhorafotoai.twa/com.android.billingclient.api.ProxyBillingActivity t153} init visibleRequested:false
09-16 17:00:55.297  1808  3377 D WindowManager: Collecting in transition 633: ActivityRecord{6286925 u0 br.com.melhorafotoai.twa/com.android.billingclient.api.ProxyBillingActivity t153} init visibleRequested:true
09-16 17:00:55.298  1808  3377 W WindowManager: Changing focus from Window{b0f6445 u0 br.com.melhorafotoai.twa/com.google.androidbrowserhelper.playbilling.provider.PaymentActivity} to null displayId=0 Callers=com.android.server.wm.RootWindowContainer.updateFocusedWindowLocked:602 com.android.server.wm.WindowManagerService.updateFocusedWindowLocked:7168 com.android.server.wm.ActivityTaskManagerService.setLastResumedActivityUncheckLocked:5842 com.android.server.wm.ActivityTaskSupervisor.updateTopResumedActivityIfNeeded:2452 
09-16 17:00:55.299  1808  3377 I PowerHalWrapper: amsBoostNotify pid:28261,activity:com.android.billingclient.api.ProxyBillingActivity, package:br.com.melhorafotoai.twa, mProcessCreatePackbr.com.melhorafotoai.twa 
09-16 17:00:55.299  1808  3377 I mtkpower_client: [PowerHal_Wrap_notifyAppState] br.com.melhorafotoai.twa/com.android.billingclient.api.ProxyBillingActivity pid=28261 activityId:103311653 state:1
09-16 17:00:55.299   993   993 I MTK_APPList: [getForegroundAPPInfo]  br.com.melhorafotoai.twa/com.google.androidbrowserhelper.playbilling.provider.PaymentActivity (pid=28261)
09-16 17:00:55.299   993   993 I vendor.mediatek.hardware.mtkpower_applist-service.mediatek: MIUI ADDpackName: br.com.melhorafotoai.twa actName: com.google.androidbrowserhelper.playbilling.provider.PaymentActivity
09-16 17:00:55.299   993   993 I vendor.mediatek.hardware.mtkpower_applist-service.mediatek: packName: br.com.melhorafotoai.twa actName: com.android.billingclient.api.ProxyBillingActivity pid: 28261 uid: 10307 state: 1
09-16 17:00:55.299   993   993 I MTK_APPList: [notifyAPPstate] br.com.melhorafotoai.twa/com.android.billingclient.api.ProxyBillingActivity, pid=28261, uid=10307, state:RESUMED, fps:-1, win:0
09-16 17:00:55.299   993   993 I MTK_APPList: [notifyAPPstate] multi_resumed_app_info[0] br.com.melhorafotoai.twa/com.android.billingclient.api.ProxyBillingActivity, pid:28261, fps:-1, isMultiWindow:0
09-16 17:00:55.300   993   993 I MTK_APPList: [notifyAPPstate] act org.chromium.chrome.browser.customtabs.TranslucentCustomTabActivity => com.android.billingclient.api.ProxyBillingActivity
09-16 17:00:55.301  1808  3377 I BLASTSyncEngine: SyncGroup 633:  Unfinished container:ActivityRecord{6286925 u0 br.com.melhorafotoai.twa/com.android.billingclient.api.ProxyBillingActivity t153}
09-16 17:00:55.301  1808  3377 I BLASTSyncEngine: isActivitySyncFinished isSyncFinished false ActivityRecord{6286925 u0 br.com.melhorafotoai.twa/com.android.billingclient.api.ProxyBillingActivity t153}
09-16 17:00:55.302  1808  1888 I BLASTSyncEngine: SyncGroup 633:  Unfinished container:ActivityRecord{6286925 u0 br.com.melhorafotoai.twa/com.android.billingclient.api.ProxyBillingActivity t153}
09-16 17:00:55.302  1808  1888 I BLASTSyncEngine: isActivitySyncFinished isSyncFinished false ActivityRecord{6286925 u0 br.com.melhorafotoai.twa/com.android.billingclient.api.ProxyBillingActivity t153}
09-16 17:00:55.309  1808  4861 D MiuiFreeformServiceImpl: addLaunchFreeformActivityOptionIfNeed skip due to not find sourceTask: null sourceFfas: null sourceFreeFormActivity: ActivityRecord{6286925 u0 br.com.melhorafotoai.twa/com.android.billingclient.api.ProxyBillingActivity t153}
09-16 17:00:55.312  1808  4861 I PowerHalWrapper: amsBoostNotify pid:28261,activity:com.android.billingclient.api.ProxyBillingActivity, package:br.com.melhorafotoai.twa, mProcessCreatePackbr.com.melhorafotoai.twa 
09-16 17:00:55.312  1808  4861 I mtkpower_client: [PowerHal_Wrap_notifyAppState] br.com.melhorafotoai.twa/com.android.billingclient.api.ProxyBillingActivity pid=28261 activityId:103311653 state:0
09-16 17:00:55.312   993   993 I MTK_APPList: [getForegroundAPPInfo]  br.com.melhorafotoai.twa/com.android.billingclient.api.ProxyBillingActivity (pid=28261)
09-16 17:00:55.312   993   993 I vendor.mediatek.hardware.mtkpower_applist-service.mediatek: MIUI ADDpackName: br.com.melhorafotoai.twa actName: com.android.billingclient.api.ProxyBillingActivity
09-16 17:00:55.312   993   993 I vendor.mediatek.hardware.mtkpower_applist-service.mediatek: packName: br.com.melhorafotoai.twa actName: com.android.billingclient.api.ProxyBillingActivity pid: 28261 uid: 10307 state: 0
09-16 17:00:55.312   993   993 I MTK_APPList: [notifyAPPstate] br.com.melhorafotoai.twa/com.android.billingclient.api.ProxyBillingActivity, pid=28261, uid=10307, state:PAUSED, fps:-1, win:0
09-16 17:00:55.319 28261 28261 D VRI[ProxyBillingActivity]: hardware acceleration = true, forceHwAccelerated = false
09-16 17:00:55.320  1064  1731 I BufferQueueDebug: [4354611 br.com.melhorafotoai.twa/com.android.billingclient.api.ProxyBillingActivity#8459](this:0xb400007b6436a130,id:-1,api:0,p:-1,c:-1) BufferQueue core=(1064:/system/bin/surfaceflinger)
09-16 17:00:55.322  2387  2387 D RecentsImpl: mActivityStateObserver com.android.billingclient.api.ProxyBillingActivity
09-16 17:00:55.323  2387  2387 W RecentsImpl: updateStubViewVisibility, className=com.android.billingclient.api.ProxyBillingActivity
09-16 17:00:55.334   993   993 I MTK_APPList: [getForegroundAPPInfo]  br.com.melhorafotoai.twa/com.android.billingclient.api.ProxyBillingActivity (pid=28261)
09-16 17:00:55.334   993   993 I vendor.mediatek.hardware.mtkpower_applist-service.mediatek: MIUI ADDpackName: br.com.melhorafotoai.twa actName: com.android.billingclient.api.ProxyBillingActivity
09-16 17:00:55.337  1808  3377 I BLASTSyncEngine: SyncGroup 633:  Unfinished container:ActivityRecord{6286925 u0 br.com.melhorafotoai.twa/com.android.billingclient.api.ProxyBillingActivity t153}
09-16 17:00:55.337  1808  3377 I BLASTSyncEngine: isActivitySyncFinished isSyncFinished false ActivityRecord{6286925 u0 br.com.melhorafotoai.twa/com.android.billingclient.api.ProxyBillingActivity t153}
09-16 17:00:55.340 28261 28261 D DecorViewImmersiveImpl: onAttachedToWindow:br.com.melhorafotoai.twa/com.android.billingclient.api.ProxyBillingActivity
09-16 17:00:55.340  1808  3328 D CoreBackPreview: Window{4354611 u0 br.com.melhorafotoai.twa/com.android.billingclient.api.ProxyBillingActivity}: Setting back callback OnBackInvokedCallbackInfo{mCallback=android.window.IOnBackInvokedCallback$Stub$Proxy@e17324d, mPriority=0, mIsAnimationCallback=false}
09-16 17:00:55.344  1064  1861 I BufferQueueDebug: [br.com.melhorafotoai.twa/com.android.billingclient.api.ProxyBillingActivity#8460](this:0xb400007b642d8390,id:-1,api:0,p:-1,c:-1) BufferQueue core=(1064:/system/bin/surfaceflinger)
09-16 17:00:55.346  1808  4861 I BLASTSyncEngine: SyncGroup 633:  Unfinished container:ActivityRecord{6286925 u0 br.com.melhorafotoai.twa/com.android.billingclient.api.ProxyBillingActivity t153}
09-16 17:00:55.346  1808  4861 I BLASTSyncEngine: isActivitySyncFinished isSyncFinished false ActivityRecord{6286925 u0 br.com.melhorafotoai.twa/com.android.billingclient.api.ProxyBillingActivity t153}
09-16 17:00:55.347  1808  4861 I WindowManager: Relayout Window{4354611 u0 br.com.melhorafotoai.twa/com.android.billingclient.api.ProxyBillingActivity}: oldVis=4 newVis=0 focusMayChange = true requestedWidth = 1220 requestedHeight = 2712 outFrames = ClientWindowFrames{frame=[0,0][1220,2712] display=[0,0][1220,2712] parentFrame=[0,0][0,0]} outSurfaceControl = Surface(name=br.com.melhorafotoai.twa/com.android.billingclient.api.ProxyBillingActivity#8460)/@0xbb1a649
09-16 17:00:55.348 28261 28261 D BLASTBufferQueue: [VRI[ProxyBillingActivity]#2](f:0,a:0) constructor()
09-16 17:00:55.348 28261 28261 D BLASTBufferQueue: [VRI[ProxyBillingActivity]#2](f:0,a:0) update width=1220 height=2712 format=-2 mTransformHint=0
09-16 17:00:55.349 28261 28261 D VRI[ProxyBillingActivity]: vri.reportNextDraw android.view.ViewRootImpl.performTraversals:4984 android.view.ViewRootImpl.doTraversal:3564 android.view.ViewRootImpl$TraversalRunnable.run:11781 android.view.Choreographer$CallbackRecord.run:1809 android.view.Choreographer$CallbackRecord.run:1818 
09-16 17:00:55.349 28261 28261 D VRI[ProxyBillingActivity]: Setup new sync=wmsSync-VRI[ProxyBillingActivity]#4
09-16 17:00:55.352 28261  5099 D BLASTBufferQueue: [VRI[ProxyBillingActivity]#2](f:0,a:1) acquireNextBufferLocked size=1220x2712 mFrameNumber=1 applyTransaction=true mTimestamp=18978619530207(auto) mPendingTransactions.size=0 graphicBufferId=121380070752264 transform=0
09-16 17:00:55.353 28261 28261 D VRI[ProxyBillingActivity]: vri.reportDrawFinished
09-16 17:00:55.353  1808  3377 D WindowManager: wms.finishDrawingLocked: mDrawState=COMMIT_DRAW_PENDING Window{4354611 u0 br.com.melhorafotoai.twa/com.android.billingclient.api.ProxyBillingActivity} in Surface(name=br.com.melhorafoto